
▶ Phase 0 — Intake Triage & Context Calendar | invoking agent (max retries: 3)

━━━━━━━━━━━━━━━━━━━━━━━━━━━━━━━━━━━━━━━━━━━━━━━
▶ PHASE 0 COMPLETE — Intake Triage & Context Calendar
━━━━━━━━━━━━━━━━━━━━━━━━━━━━━━━━━━━━━━━━━━━━━━━
WHAT THE AGENT DID:
  The request involves multiple, competing hypotheses from different senior stakeholders (VP Growth vs. CFO). It requires untangling several overlapping events (pricing change, reseller contract termination, data migration) that occurred in the same time window. This is beyond a simple lookup and requires a structured analytical approach to test hypotheses and control for confounds.

KEY DECISIONS MADE:
  • Triaged request as STANDARD_ANALYSIS → route FULL_PIPELINE
  • Confound calendar: 4 known event(s) — 15% Enterprise tier price increase, Termination of contract with largest Enterprise reseller partner, Billing system migration
  • Surfaced 1 stakeholder conflict(s) to resolve with data
  • Deadline judged FEASIBLE_WITH_DESCOPING with 3 descope item(s)

OUTPUT SUMMARY:
  Complexity STANDARD_ANALYSIS, route FULL_PIPELINE. 4 confound candidate(s), 1 stakeholder conflict(s), effort: Phase 2/3 (Data Extraction/Validation) will be high-effort due to the billing system migration. Phase 5 (Synthesis) will

⚠ DEADLINE FEASIBLE_WITH_DESCOPING: The 4.5-day deadline is too short to confidently separate the effects of three major confounding events (price change, reseller loss, data migration) and develop robust, data-backed recommendations. T — proposed descope: By Friday, deliver a descriptive 'What Happened' analysis: churn rates by tier (Q1 vs. Q2), an initial assessment of the reseller cohort's impact, and an answer on mix shift. This will include a clear caveat about the billing migration's potential data impact.; Defer a deeper causal analysis (e.g., 

⚠ STAKEHOLDER CONFLICT to resolve with data: VP of Growth: There is a churn problem specific to the Enterprise tier. vs CFO: It's a broader pricing problem, and the Enterprise numbers are exaggerated by a mix shift.

⚠ NEEDS_DATA_SCIENTIST: Determine if it's a 'pricing problem' — analyst-level partial: An analyst can provide a descriptive before-and-after comparison of churn rates for customers impacted by the price change, which can serve as a stron

⚠ NEEDS_DATA_ENGINEER: Check whether support ticket volume is driving any of this — analyst-level partial: This question cannot be answered with the currently available data. The first step would be a data engineering project to ingest support data.

QUALITY GATE: ✓ PASSED

ADVANCING TO: Phase 1 — Stakeholder Requirement Gathering
━━━━━━━━━━━━━━━━━━━━━━━━━━━━━━━━━━━━━━━━━━━━━━━

▶ Phase 1 — Stakeholder Requirement Gathering | invoking agent (max retries: 3)

━━━━━━━━━━━━━━━━━━━━━━━━━━━━━━━━━━━━━━━━━━━━━━━
▶ PHASE 1 COMPLETE — Stakeholder Requirement Gathering
━━━━━━━━━━━━━━━━━━━━━━━━━━━━━━━━━━━━━━━━━━━━━━━
WHAT THE AGENT DID:
  This decoding translates the stakeholder's business problem and competing hypotheses into a testable analytical question, while acknowledging and structuring the out-of-scope components based on the context provided in Phase 0.

KEY DECISIONS MADE:
  • Classified analysis as: Descriptive, Diagnostic, Prescriptive
  • Identified 4 P1 sub-question(s) (of 7 total)
  • Raised 4 scope flag(s): BLOCK, DESCOPE, DESCOPE, PROCEED_WITH_CAVEAT

OUTPUT SUMMARY:
  7 sub-questions produced. Success definition: This analysis is successful when the VP of Growth and CFO receive a clear, data-supported narrative by Friday that quantifies the Q2 churn c…

QUALITY GATE: ✓ PASSED

ADVANCING TO: Phase 2 — Data Identification & Extraction
━━━━━━━━━━━━━━━━━━━━━━━━━━━━━━━━━━━━━━━━━━━━━━━

▶ Phase 2 — Data Identification & Extraction | invoking agent (max retries: 3)
  ✗ attempt 1 failed: data_source_map must contain at least one entry

━━━━━━━━━━━━━━━━━━━━━━━━━━━━━━━━━━━━━━━━━━━━━━━
▶ PHASE 2 COMPLETE — Data Identification & Extraction
━━━━━━━━━━━━━━━━━━━━━━━━━━━━━━━━━━━━━━━━━━━━━━━
WHAT THE AGENT DID:
  The primary extraction script is designed to create a unified dataset for analysis, but its success hinges on two critical assumptions that must be validated in Phase 3. First, the logic for combining data from the old `billing` and new `subscriptions` tables must be rigorously tested, especially the definition of `churn_date` before and after the April migration. A day-by-day plot of churn events is recommended to spot artifacts. Second, the entire analysis for SQ4 depends on finding a reliable identifier for the reseller cohort in the `users` table. If this identifier does not exist, SQ4 is blocked. Phase 3 should prioritize confirming its existence before proceeding with calculations.

KEY DECISIONS MADE:
  • Mapped 4 sub-question/source pair(s); 3 CONFIRMED
  • Reconnoitred 3 schema(s); 3 INFERRED
  • Raised 3 governance flag(s) (3 PII)
  • KPI coverage: 4 assessed, 1 partial, 0 not coverable

OUTPUT SUMMARY:
  4 source(s) mapped, 1 extraction step(s), 7 column(s) in data dictionary.

⚠ SCHEMA INFERRED for: subscriptions, billing, users

QUALITY GATE: ✓ PASSED

ADVANCING TO: Phase 3 — Data Quality & Cleaning
━━━━━━━━━━━━━━━━━━━━━━━━━━━━━━━━━━━━━━━━━━━━━━━

▶ Phase 3 — Data Quality & Cleaning | invoking agent (max retries: 3)

━━━━━━━━━━━━━━━━━━━━━━━━━━━━━━━━━━━━━━━━━━━━━━━
▶ PHASE 3 COMPLETE — Data Quality & Cleaning
━━━━━━━━━━━━━━━━━━━━━━━━━━━━━━━━━━━━━━━━━━━━━━━
WHAT THE AGENT DID:
  The data is now clean and certified for analysis. Key data artifacts from the billing migration have been corrected. The schema is enriched with features required to answer all sub-questions. Phase 4 should proceed with calculations, paying close attention to the `bias_audit` note regarding MRR analysis: use logo churn for primary historical comparisons.

KEY DECISIONS MADE:
  • Catalogued 5 anomaly(ies): 3 CRITICAL, 2 WARNING
  • Cleaning actions: 1×DROP_ROWS, 1×STANDARDISE, 1×ACCEPT_AS_IS, 2×FIX
  • Validation row-loss: 0.2% (1502341 → 1500012)
  • Engineered 3 derived feature(s)

OUTPUT SUMMARY:
  5 cleaning decision(s), 5 change log entry(ies), clean schema of 10 column(s). Validation: null=PASSED, range=PASSED, row-loss=0.2%.

⚠ BIAS AUDIT severity=MEDIUM: {'risk_type': 'Systematic Missing Data (MNAR)', 'description': 'The `mrr` column is systematically NULL for all data from the pre-migration `billing` system. This means any analysis of MRR churn is only representative of customers on the new system. If legacy customers had a different MRR profile, conclusions drawn from post-migration MRR data may not generalize to the entire customer base history.', 'mitigation_recommendation': 'Clearly state this limitation in the final analysis. Compare cohorts using logo churn (customer counts) as the primary metric, which is available for all periods. Use MRR churn as a secondary, directional metric only for recent periods.'}

QUALITY GATE: ✓ PASSED

ADVANCING TO: Phase 4 — Exploratory Data Analysis
━━━━━━━━━━━━━━━━━━━━━━━━━━━━━━━━━━━━━━━━━━━━━━━

▶ Phase 4 — Exploratory Data Analysis | invoking agent (max retries: 3)

━━━━━━━━━━━━━━━━━━━━━━━━━━━━━━━━━━━━━━━━━━━━━━━
▶ PHASE 4 COMPLETE — Exploratory Data Analysis
━━━━━━━━━━━━━━━━━━━━━━━━━━━━━━━━━━━━━━━━━━━━━━━
WHAT THE AGENT DID:
  The primary story is the disentanglement of the reseller churn event from the underlying Enterprise churn. H2 is the highest priority as it quantifies the largest single driver. H1 and H3 then address the core of the competing stakeholder hypotheses. H4 is to formally close the loop on mix-shift. H5 is an emergent finding that should be tested but is lower priority than the core mission questions.

KEY DECISIONS MADE:
  • Profiled 5 variable(s) univariate, 5 pair(s) bivariate
  • 2 STRONG bivariate relationship(s) found
  • Catalogued 1 surprise(s); 1 flagged for Phase 6
  • Formed 5 hypothesis(es) (1 EMERGENT from EDA)

OUTPUT SUMMARY:
  5 univariate, 5 bivariate, 5 hypothesis(es), 4 viz spec(s) ready for Phase 7.

QUALITY GATE: ✓ PASSED

ADVANCING TO: Phase 5 — Hypothesis Testing & Validation
━━━━━━━━━━━━━━━━━━━━━━━━━━━━━━━━━━━━━━━━━━━━━━━

▶ Phase 5 — Hypothesis Testing & Validation | invoking agent (max retries: 3)

━━━━━━━━━━━━━━━━━━━━━━━━━━━━━━━━━━━━━━━━━━━━━━━
▶ PHASE 5 COMPLETE — Hypothesis Testing & Validation
━━━━━━━━━━━━━━━━━━━━━━━━━━━━━━━━━━━━━━━━━━━━━━━
WHAT THE AGENT DID:
  The 'Enterprise churn problem' is actually two separate issues: a massive one-off churn event from the lost reseller (H2), and a smaller but significant underlying increase in organic churn among other Enterprise customers linked to the price hike (H3).

KEY DECISIONS MADE:
  • Ran 5 test(s): 4 SUPPORTED, 1 REJECTED, 0 INCONCLUSIVE
  • 2 finding(s) rated HIGH practical significance
  • Multiple-testing correction (Bonferroni) applied: 4/5 survive

OUTPUT SUMMARY:
  5 test(s) executed, 5 finding(s) summarised, 4 caveat(s) for Phase 8, 3 priority insight(s) for Phase 6.

⚠ MTC (Bonferroni) applied — Phase 6 must ignore hypotheses dropped by correction: H4

QUALITY GATE: ✓ PASSED

ADVANCING TO: Phase 6 — Advanced Analysis & Root Cause
━━━━━━━━━━━━━━━━━━━━━━━━━━━━━━━━━━━━━━━━━━━━━━━

▶ Phase 6 — Advanced Analysis & Root Cause | invoking agent (max retries: 3)
  ✗ attempt 1 failed: root_cause_chains must not be empty
  [llm_client] call_llm attempt 1/14 got 503; retrying in 2.5s
  ✗ attempt 2 failed: Phase 1 P1 sub-question(s) not addressed in analyses or unanswered_subquestions: SQ1, SQ2, SQ4

━━━━━━━━━━━━━━━━━━━━━━━━━━━━━━━━━━━━━━━━━━━━━━━
▶ PHASE 6 COMPLETE — Advanced Analysis & Root Cause
━━━━━━━━━━━━━━━━━━━━━━━━━━━━━━━━━━━━━━━━━━━━━━━
WHAT THE AGENT DID:
  The Q2 Enterprise churn spike is not a single problem but two distinct issues: a one-off 40% contribution from the terminated reseller, and a ~60% relative increase in 'organic' churn driven by the price hike.

KEY DECISIONS MADE:
  • Ran 4 analysis(es): COMPOSITION ANALYSIS, CONTRIBUTION ANALYSIS, PARETO ANALYSIS…
  • Traced 2 root cause chain(s): 1 CONFIRMED, 1 HYPOTHESISED
  • 2 segment deep-dive(s); 0 Simpson's paradox finding(s)
  • Ranked 3 insight(s); 2 HIGH-impact

OUTPUT SUMMARY:
  4 analysis(es), 2 root cause chain(s), 3 insight(s) ranked, 2 unanswered.

⚠ HYPOTHESISED root cause(s) for: H5: Pro Tier Churn Increase — Phase 8 must label these as such

QUALITY GATE: ✓ PASSED

ADVANCING TO: Phase 6.5 — Independent Red-Team Peer Review
━━━━━━━━━━━━━━━━━━━━━━━━━━━━━━━━━━━━━━━━━━━━━━━

▶ Phase 6.5 — Independent Red-Team Peer Review | invoking agent (max retries: 3)

━━━━━━━━━━━━━━━━━━━━━━━━━━━━━━━━━━━━━━━━━━━━━━━
▶ PHASE 6.5 COMPLETE — Independent Red-Team Peer Review
━━━━━━━━━━━━━━━━━━━━━━━━━━━━━━━━━━━━━━━━━━━━━━━
WHAT THE AGENT DID:
  The analysis successfully identified and separated the two primary drivers of the Enterprise churn spike (reseller loss and price-hike-associated churn), which is the core of the mission. It correctly refutes the mix-shift hypothesis. However, it overstates the certainty of its conclusions regarding the price hike's causal role, which could lead to flawed strategic decisions. The required revisions are crucial for communicating the findings accurately and without overstating the evidence.

KEY DECISIONS MADE:
  • Audited 2 finding(s) against rival explanations; 1 did NOT survive
  • Flagged 3 overclaim(s)
  • Flagged 1 circular-reasoning field(s)
  • Found 5 confound-sweep gap(s)

OUTPUT SUMMARY:
  Verdict PROCEED_WITH_REVISIONS: 1/2 finding(s) survived adversarial review, 3 overclaim(s), 4 required revision(s).

⚠ RED-TEAM KILLED: The root cause of the 'organic' (non-reseller) Enterprise churn increase is the 15% price increase. — better explanation: The price hike isn't the cause, but rather a catalyst that accelerated churn for an already-at-risk customer segment. The analysis did not control for

⚠ OVERCLAIM: The root cause of the organic Enterprise churn spike is 'CONFIRMED' to be the 15% price increase. stated CONFIRMED → corrected HYPOTHESISED

⚠ OVERCLAIM: Insight Rank 1: '...a ~60% relative increase in 'organic' churn driven by the price hike.' stated HIGH (implicit in 'driven by' causal language) → corrected HIGH (for the association), but language must be changed to correlational.

⚠ OVERCLAIM: The impact of the price hike is an avoidable '$10.85M in churned MRR per quarter.' stated MEDIUM → corrected LOW

⚠ PROCEED_WITH_REVISIONS — Phases 7/8 must apply: In the 'Enterprise Churn Spike' root cause chain (Phase 6), change the `status` of the root cause from 'CONFIRMED' to 'HYPOTHESISED'.; In the ranked insights (Phase 6/7/8), rephrase causal language like 'driven by the price hike' to correlational language such as 'associated with the price hike'.; Add a specific caveat to the final report stating that the price hike's impact was not controlled for other key customer attributes like tenure or acquisition channel, and therefore the association may be influenced by confounding variables.; In the 'impact_quantification' section (Phase 6), downgrade the `confidence` of the $10.85M MRR opportunity estimate from 'MEDIUM' to 'LOW' and ensure the underlying assumptions are highlighted prominently.

QUALITY GATE: ✓ PASSED

ADVANCING TO: Phase 7 — Visualisation & Dashboard Design
━━━━━━━━━━━━━━━━━━━━━━━━━━━━━━━━━━━━━━━━━━━━━━━

▶ Phase 7 — Visualisation & Dashboard Design | invoking agent (max retries: 3)

━━━━━━━━━━━━━━━━━━━━━━━━━━━━━━━━━━━━━━━━━━━━━━━
▶ PHASE 7 COMPLETE — Visualisation & Dashboard Design
━━━━━━━━━━━━━━━━━━━━━━━━━━━━━━━━━━━━━━━━━━━━━━━
WHAT THE AGENT DID:
  Start by stating the alarming top-line number, but immediately reveal it's a composite of two different problems (the hook). First, quantify and isolate the large, one-off event (reseller loss) to show it's understood and contained. Then, pivot to the more systemic, ongoing issue (price sensitivity), providing clear evidence. Finally, use data to explicitly disprove the alternative hypothesis (mix shift), resolving the stakeholder conflict and focusing attention on the most likely root cause.

KEY DECISIONS MADE:
  • Specced 4 chart(s)
  • Dashboard type: EXECUTIVE (3 sections)
  • Caught and corrected 2 anti-pattern(s)
  • Accessibility: colourblind=✓ WCAG=✓ alt-text=✓

OUTPUT SUMMARY:
  4 chart spec(s), 3 insight→chart mapping(s), 2 anti-pattern correction(s), 4 insight headline(s) handed to Phase 8.

QUALITY GATE: ✓ PASSED

ADVANCING TO: Phase 8 — Storytelling, Reporting & Handoff
━━━━━━━━━━━━━━━━━━━━━━━━━━━━━━━━━━━━━━━━━━━━━━━

▶ Phase 8 — Storytelling, Reporting & Handoff | invoking agent (max retries: 3)

━━━━━━━━━━━━━━━━━━━━━━━━━━━━━━━━━━━━━━━━━━━━━━━
▶ PHASE 8 COMPLETE — Storytelling, Reporting & Handoff
━━━━━━━━━━━━━━━━━━━━━━━━━━━━━━━━━━━━━━━━━━━━━━━
WHAT THE AGENT DID:
  Final stakeholder report delivered. Lead insight: The Q2 Enterprise churn spike is not a single problem but two distinct issues: a one-off 40% contribution from the terminated reseller, and a ~60% relative increase in 'organic' churn associated with the price hike.

KEY DECISIONS MADE:
  • Addressed 6 sub-question(s) in Key Findings; 2 left open for follow-up
  • Produced 1 SMART recommendation(s)
  • Confidence mix: 3 high / 0 medium / 0 low
  • Self-check gate: 11 passed / 0 failed

OUTPUT SUMMARY:
  Final Markdown report (1613 words) + JSON summary. 1 recommendation(s), 3 top insight(s), 6 sub-question(s) answered.

⚠ sub-question(s) left unanswered — disclosed in the report's Next Steps: SQ7 (MRR Churn), Original Mission Brief Question (Support Tickets)

QUALITY GATE: ✓ PASSED

ADVANCING TO: Phase 9 — Impact Tracking & Monitoring Handoff
━━━━━━━━━━━━━━━━━━━━━━━━━━━━━━━━━━━━━━━━━━━━━━━

▶ Phase 9 — Impact Tracking & Monitoring Handoff | invoking agent (max retries: 3)

━━━━━━━━━━━━━━━━━━━━━━━━━━━━━━━━━━━━━━━━━━━━━━━
▶ PHASE 9 COMPLETE — Impact Tracking & Monitoring Handoff
━━━━━━━━━━━━━━━━━━━━━━━━━━━━━━━━━━━━━━━━━━━━━━━
WHAT THE AGENT DID:
  The analysis found that the organic (non-reseller, post-price hike) Enterprise churn rate spiked to 8.2%, well above the 5.1% baseline and industry benchmarks. The recommendation is designed to generate insights to fix this. Success is defined as using those insights to reduce the churn rate back into the industry benchmark range (<6.0%). A check-in after Q4 2026 results are available allows sufficient time for the qualitative study, subsequent actions, and their impact to be observed.

KEY DECISIONS MADE:
  • Instrumented 1 success metric(s) with check-in dates
  • Defined 2 drift-alert condition(s)
  • Knowledge-base entry recorded (4 gotcha(s) for future runs)

OUTPUT SUMMARY:
  1 success metric(s), 2 monitoring spec(s), knowledge-base entry with 4 gotcha(s) persisted for future runs.

QUALITY GATE: ✓ PASSED

PIPELINE COMPLETE — no further phases.
━━━━━━━━━━━━━━━━━━━━━━━━━━━━━━━━━━━━━━━━━━━━━━━
  ⚙ Knowledge-base entry persisted to benchmark/stress_results/v3/knowledge_base/entries.jsonl

[run_stress] v3: COMPLETE (phases [0, 1, 2, 3, 4, 5, 6, 6.5, 7, 8, 9], 704.7s)
