AGENTIC-v2: running 8-phase pipeline WITH real code execution...

▶ Phase 1 — Stakeholder Requirement Gathering | invoking agent (max retries: 3)

━━━━━━━━━━━━━━━━━━━━━━━━━━━━━━━━━━━━━━━━━━━━━━━
▶ PHASE 1 COMPLETE — Stakeholder Requirement Gathering
━━━━━━━━━━━━━━━━━━━━━━━━━━━━━━━━━━━━━━━━━━━━━━━
WHAT THE AGENT DID:
  The user's request has two parts: an analytical one ('identify drivers') and a strategic one ('recommend interventions'). The implied business problem connects this analysis to the business's core financial health. The root question reframes the request into a precise analytical query that acknowledges the need to identify not just any driver, but ones the business can actually influence.

KEY DECISIONS MADE:
  • Classified analysis as: Diagnostic, Prescriptive
  • Identified 3 P1 sub-question(s) (of 6 total)
  • Raised 2 scope flag(s): PROCEED_WITH_CAVEAT, PROCEED_WITH_CAVEAT

OUTPUT SUMMARY:
  6 sub-questions produced. Success definition: This analysis is successful when Retention/Marketing leadership can confidently name the top 3 customer segments and service configurations …

QUALITY GATE: ✓ PASSED

ADVANCING TO: Phase 2 — Data Identification & Extraction
━━━━━━━━━━━━━━━━━━━━━━━━━━━━━━━━━━━━━━━━━━━━━━━

▶ Phase 2 — Data Identification & Extraction | invoking agent (max retries: 3)

━━━━━━━━━━━━━━━━━━━━━━━━━━━━━━━━━━━━━━━━━━━━━━━
▶ PHASE 2 COMPLETE — Data Identification & Extraction
━━━━━━━━━━━━━━━━━━━━━━━━━━━━━━━━━━━━━━━━━━━━━━━
WHAT THE AGENT DID:
  Data extraction is straightforward from the single provided CSV. The primary action for Phase 3 is to prepare the data for exploratory analysis. This involves: 1) Executing the provided Python code to load the data and coerce 'TotalCharges' to a numeric type. 2) Addressing the 11 NaN values created in 'TotalCharges' from the coercion (imputing with 0 is a reasonable starting point, as these correspond to customers with 0 tenure). 3) Converting binary categorical columns ('Yes'/'No') and the target 'Churn' variable to numeric (0/1) format for modeling. 4) Ensuring all data types are correct before proceeding with EDA.

KEY DECISIONS MADE:
  • Mapped 6 sub-question/source pair(s); 6 CONFIRMED
  • Reconnoitred 1 schema(s); 0 INFERRED
  • Raised 1 governance flag(s) (1 PII)
  • KPI coverage: 3 assessed, 0 partial, 0 not coverable

OUTPUT SUMMARY:
  6 source(s) mapped, 3 extraction step(s), 21 column(s) in data dictionary.

QUALITY GATE: ✓ PASSED

ADVANCING TO: Phase 3 — Data Quality & Cleaning
━━━━━━━━━━━━━━━━━━━━━━━━━━━━━━━━━━━━━━━━━━━━━━━

▶ Phase 3 — Data Quality & Cleaning | invoking agent (max retries: 3)
  [phase 3] COMPUTE step ran no code — retrying with hardened prompt (2/4)
  ⚙ Phase 3 executed 1 code block(s) against the real dataset.

━━━━━━━━━━━━━━━━━━━━━━━━━━━━━━━━━━━━━━━━━━━━━━━
▶ PHASE 3 COMPLETE — Data Quality & Cleaning
━━━━━━━━━━━━━━━━━━━━━━━━━━━━━━━━━━━━━━━━━━━━━━━
WHAT THE AGENT DID:
  The data is now clean, trustworthy, and ready for exploratory data analysis (EDA) and modeling. Key issues like incorrect data types, nulls, and duplicates have been resolved. Categorical features have been standardized. New features have been engineered to directly support the sub-questions and KPI calculations defined in Phase 1. The clean schema is declared and can be used as the basis for all downstream work.

KEY DECISIONS MADE:
  • Catalogued 11 anomaly(ies): 2 CRITICAL, 1 WARNING
  • Cleaning actions: 1×DROP_COLUMN, 1×FIX, 1×IMPUTE, 1×DROP_ROWS, 1×STANDARDISE
  • Validation row-loss: 0.3% (7043 → 7021)
  • Engineered 3 derived feature(s)

OUTPUT SUMMARY:
  5 cleaning decision(s), 6 change log entry(ies), clean schema of 23 column(s). Validation: null=PASSED, range=PASSED, row-loss=0.3%.

QUALITY GATE: ✓ PASSED

ADVANCING TO: Phase 4 — Exploratory Data Analysis
━━━━━━━━━━━━━━━━━━━━━━━━━━━━━━━━━━━━━━━━━━━━━━━

▶ Phase 4 — Exploratory Data Analysis | invoking agent (max retries: 3)
  [phase 4] COMPUTE step ran no code — retrying with hardened prompt (2/4)
  ⚙ Phase 4 executed 1 code block(s) against the real dataset.

━━━━━━━━━━━━━━━━━━━━━━━━━━━━━━━━━━━━━━━━━━━━━━━
▶ PHASE 4 COMPLETE — Exploratory Data Analysis
━━━━━━━━━━━━━━━━━━━━━━━━━━━━━━━━━━━━━━━━━━━━━━━
WHAT THE AGENT DID:
  The EDA strongly suggests that contract terms, tenure, and internet service type are the primary drivers of churn. H1 and H4 should be prioritized as they point to the most at-risk segment: new, month-to-month, fiber optic customers. Phase 5 should focus on quantifying the effect size of these variables, perhaps through a logistic regression model, to confirm their importance and inform intervention strategies.

KEY DECISIONS MADE:
  • Profiled 6 variable(s) univariate, 7 pair(s) bivariate
  • 3 STRONG bivariate relationship(s) found
  • Catalogued 2 surprise(s); 1 flagged for Phase 6
  • Formed 5 hypothesis(es) (1 EMERGENT from EDA)

OUTPUT SUMMARY:
  6 univariate, 7 bivariate, 5 hypothesis(es), 4 viz spec(s) ready for Phase 7.

QUALITY GATE: ✓ PASSED

ADVANCING TO: Phase 5 — Hypothesis Testing & Validation
━━━━━━━━━━━━━━━━━━━━━━━━━━━━━━━━━━━━━━━━━━━━━━━

▶ Phase 5 — Hypothesis Testing & Validation | invoking agent (max retries: 3)
  [phase 5] COMPUTE step ran no code — retrying with hardened prompt (2/4)
  [phase 5] COMPUTE step ran no code — retrying with hardened prompt (3/4)
  ⚙ Phase 5 executed 1 code block(s) against the real dataset.

━━━━━━━━━━━━━━━━━━━━━━━━━━━━━━━━━━━━━━━━━━━━━━━
▶ PHASE 5 COMPLETE — Hypothesis Testing & Validation
━━━━━━━━━━━━━━━━━━━━━━━━━━━━━━━━━━━━━━━━━━━━━━━
WHAT THE AGENT DID:
  The strongest, most actionable driver of churn is contract type. Month-to-month customers are at extremely high risk, indicating a critical need for strategies to encourage long-term contracts.

KEY DECISIONS MADE:
  • Ran 5 test(s): 4 SUPPORTED, 1 REJECTED, 0 INCONCLUSIVE
  • 3 finding(s) rated HIGH practical significance
  • Multiple-testing correction (Bonferroni) applied: 4/5 survive

OUTPUT SUMMARY:
  5 test(s) executed, 5 finding(s) summarised, 4 caveat(s) for Phase 8, 4 priority insight(s) for Phase 6.

⚠ MTC (Bonferroni) applied — Phase 6 must ignore hypotheses dropped by correction: H4

QUALITY GATE: ✓ PASSED

ADVANCING TO: Phase 6 — Advanced Analysis & Root Cause
━━━━━━━━━━━━━━━━━━━━━━━━━━━━━━━━━━━━━━━━━━━━━━━

▶ Phase 6 — Advanced Analysis & Root Cause | invoking agent (max retries: 3)
  [phase 6] COMPUTE step ran no code — retrying with hardened prompt (2/4)
  ⚙ Phase 6 executed 1 code block(s) against the real dataset.

━━━━━━━━━━━━━━━━━━━━━━━━━━━━━━━━━━━━━━━━━━━━━━━
▶ PHASE 6 COMPLETE — Advanced Analysis & Root Cause
━━━━━━━━━━━━━━━━━━━━━━━━━━━━━━━━━━━━━━━━━━━━━━━
WHAT THE AGENT DID:
  Insight 1: Month-to-month contracts are the primary driver of churn, especially within the first 6 months. This represents a failure to lock in customers and demonstrate value early in their lifecycle.

KEY DECISIONS MADE:
  • Ran 3 analysis(es): COHORT ANALYSIS, PARETO ANALYSIS, REGRESSION ANALYSIS
  • Traced 2 root cause chain(s): 1 CONFIRMED, 1 HYPOTHESISED
  • 2 segment deep-dive(s); 0 Simpson's paradox finding(s)
  • Ranked 3 insight(s); 2 HIGH-impact

OUTPUT SUMMARY:
  3 analysis(es), 2 root cause chain(s), 3 insight(s) ranked, 1 unanswered.

⚠ HYPOTHESISED root cause(s) for: H1: High churn for Month-to-Month contracts — Phase 8 must label these as such

QUALITY GATE: ✓ PASSED

ADVANCING TO: Phase 7 — Visualisation & Dashboard Design
━━━━━━━━━━━━━━━━━━━━━━━━━━━━━━━━━━━━━━━━━━━━━━━

▶ Phase 7 — Visualisation & Dashboard Design | invoking agent (max retries: 3)

━━━━━━━━━━━━━━━━━━━━━━━━━━━━━━━━━━━━━━━━━━━━━━━
▶ PHASE 7 COMPLETE — Visualisation & Dashboard Design
━━━━━━━━━━━━━━━━━━━━━━━━━━━━━━━━━━━━━━━━━━━━━━━
WHAT THE AGENT DID:
  The story begins by identifying Month-to-Month contracts as the overwhelming source of churn (the 'what'). It then explores the 'when' (early tenure) and a critical secondary problem (Fiber Optic service). It concludes by presenting a clear solution pathway: encourage longer contracts and bundle protective add-on services to mitigate risk, especially for high-value Fiber customers.

KEY DECISIONS MADE:
  • Specced 4 chart(s)
  • Dashboard type: EXECUTIVE (3 sections)
  • Caught and corrected 2 anti-pattern(s)
  • Accessibility: colourblind=✓ WCAG=✓ alt-text=✓

OUTPUT SUMMARY:
  4 chart spec(s), 3 insight→chart mapping(s), 2 anti-pattern correction(s), 4 insight headline(s) handed to Phase 8.

QUALITY GATE: ✓ PASSED

ADVANCING TO: Phase 8 — Storytelling, Reporting & Handoff
━━━━━━━━━━━━━━━━━━━━━━━━━━━━━━━━━━━━━━━━━━━━━━━

▶ Phase 8 — Storytelling, Reporting & Handoff | invoking agent (max retries: 3)

━━━━━━━━━━━━━━━━━━━━━━━━━━━━━━━━━━━━━━━━━━━━━━━
▶ PHASE 8 COMPLETE — Storytelling, Reporting & Handoff
━━━━━━━━━━━━━━━━━━━━━━━━━━━━━━━━━━━━━━━━━━━━━━━
WHAT THE AGENT DID:
  Final stakeholder report delivered. Lead insight: Month-to-month contracts are the primary driver of churn, especially within the first 6 months.

KEY DECISIONS MADE:
  • Addressed 4 sub-question(s) in Key Findings; 3 left open for follow-up
  • Produced 3 SMART recommendation(s)
  • Confidence mix: 3 high / 0 medium / 0 low
  • 9-point self-check: 9 passed / 0 failed

OUTPUT SUMMARY:
  Final Markdown report (1672 words) + JSON summary. 3 recommendation(s), 3 top insight(s), 4 sub-question(s) answered.

⚠ sub-question(s) left unanswered — disclosed in the report's Next Steps: SQ4: What is the profile of a typical churned customer versus a loyal customer? (Answered implicitly but not as a distinct persona), SQ6: Are we losing high-value or low-value customers? (Answered implicitly - Fiber customers are high value, but not a full financial analysis), Mission Objective: Cost-effectiveness could not be directly calculated due to lack of financial data.

QUALITY GATE: ✓ PASSED

PIPELINE COMPLETE — no further phases.
━━━━━━━━━━━━━━━━━━━━━━━━━━━━━━━━━━━━━━━━━━━━━━━

=== AGENTIC-v2 PIPELINE FINISHED ===
Elapsed: 712.8s
Phases run: [1, 2, 3, 4, 5, 6, 7, 8]
  Phase 1: COMPLETE
  Phase 2: COMPLETE
  Phase 3: COMPLETE
  Phase 4: COMPLETE
  Phase 5: COMPLETE
  Phase 6: COMPLETE
  Phase 7: COMPLETE
  Phase 8: COMPLETE
Code-executing phases: [3, 4, 5, 6]
Total code executions: 4
Final report: 11208 chars
