
▶ Phase 1 — Stakeholder Requirement Gathering | invoking agent (max retries: 3)

━━━━━━━━━━━━━━━━━━━━━━━━━━━━━━━━━━━━━━━━━━━━━━━
▶ PHASE 1 COMPLETE — Stakeholder Requirement Gathering
━━━━━━━━━━━━━━━━━━━━━━━━━━━━━━━━━━━━━━━━━━━━━━━
WHAT THE AGENT DID:
  The objective contains multiple hypotheses and a vague 'what to do' clause. My role is to translate this into a testable, diagnostic question that directly compares the two executive theories using the contextual information provided (price increase, reseller loss).

KEY DECISIONS MADE:
  • Classified analysis as: Descriptive, Diagnostic
  • Identified 3 P1 sub-question(s) (of 5 total)
  • Raised 3 scope flag(s): DESCOPE, PROCEED_WITH_CAVEAT, PROCEED_WITH_CAVEAT

OUTPUT SUMMARY:
  5 sub-questions produced. Success definition: This analysis is successful when the VP of Growth and CFO can agree on the primary driver(s) of Q2 Enterprise churn and use the findings to …

QUALITY GATE: ✓ PASSED

ADVANCING TO: Phase 2 — Data Identification & Extraction
━━━━━━━━━━━━━━━━━━━━━━━━━━━━━━━━━━━━━━━━━━━━━━━

▶ Phase 2 — Data Identification & Extraction | invoking agent (max retries: 3)

━━━━━━━━━━━━━━━━━━━━━━━━━━━━━━━━━━━━━━━━━━━━━━━
▶ PHASE 2 COMPLETE — Data Identification & Extraction
━━━━━━━━━━━━━━━━━━━━━━━━━━━━━━━━━━━━━━━━━━━━━━━
WHAT THE AGENT DID:
  The attached extraction query provides a denormalized dataset ready for churn analysis. Phase 3's primary task is to process this data to generate monthly snapshots of active vs. churned customers for each tier. Key challenges for Phase 3: 1) Formalize the definition of a 'churn event' using the status and end_date columns. 2) Pay close attention to data around the April 2024 migration period, as the `mrr` and subscription states could be unreliable without reconciling against the `billing` tables, which has been deferred. 3) The `customer_segment` column should be used to isolate the reseller cohort for SQ2 and to filter them out for SQ3.

KEY DECISIONS MADE:
  • Mapped 3 sub-question/source pair(s); 3 CONFIRMED
  • Reconnoitred 3 schema(s); 3 INFERRED
  • Raised 3 governance flag(s) (3 PII)
  • KPI coverage: 4 assessed, 0 partial, 0 not coverable

OUTPUT SUMMARY:
  3 source(s) mapped, 1 extraction step(s), 10 column(s) in data dictionary.

⚠ SCHEMA INFERRED for: users, subscriptions, billing

QUALITY GATE: ✓ PASSED

ADVANCING TO: Phase 3 — Data Quality & Cleaning
━━━━━━━━━━━━━━━━━━━━━━━━━━━━━━━━━━━━━━━━━━━━━━━

▶ Phase 3 — Data Quality & Cleaning | invoking agent (max retries: 3)

━━━━━━━━━━━━━━━━━━━━━━━━━━━━━━━━━━━━━━━━━━━━━━━
▶ PHASE 3 COMPLETE — Data Quality & Cleaning
━━━━━━━━━━━━━━━━━━━━━━━━━━━━━━━━━━━━━━━━━━━━━━━
WHAT THE AGENT DID:
  The data is now clean, validated, and enriched with features necessary for the analysis. The dataset is ready for Phase 4 EDA. Key considerations for the next phase: 1) The analysis of MRR churn must carry the caveat from the bias audit. 2) The engineered features `is_churned_q2_2024`, `price_increase_cohort`, and `customer_segment` are the primary levers for segmenting the data to answer the core sub-questions.

KEY DECISIONS MADE:
  • Catalogued 6 anomaly(ies): 4 CRITICAL, 2 WARNING
  • Cleaning actions: 3×DROP_ROWS, 2×STANDARDISE
  • Validation row-loss: 2.0% (200000 → 195900)
  • Engineered 4 derived feature(s)

OUTPUT SUMMARY:
  5 cleaning decision(s), 4 change log entry(ies), clean schema of 14 column(s). Validation: null=PASSED, range=PASSED, row-loss=2.0%.

⚠ BIAS AUDIT severity=MEDIUM: {'risk': 'Systematic Data Loss', 'description': "The dropped rows due to null MRR (2%) were noted to be concentrated around the April 2024 data migration. If the migration primarily affected new Enterprise customers or customers from the old billing system, dropping these rows would systematically under-represent this population. This could incorrectly minimize the perceived impact of the price increase and weaken the CFO's hypothesis.", 'severity': 'MEDIUM', 'mitigation': 'The final analysis must include a caveat stating that revenue churn figures for Q2 may be slightly underestimated due to data loss from the billing system migration. Recommend a follow-up analysis to reconcile the null MRR records with the `billing` table.'}

QUALITY GATE: ✓ PASSED

ADVANCING TO: Phase 4 — Exploratory Data Analysis
━━━━━━━━━━━━━━━━━━━━━━━━━━━━━━━━━━━━━━━━━━━━━━━

▶ Phase 4 — Exploratory Data Analysis | invoking agent (max retries: 3)

━━━━━━━━━━━━━━━━━━━━━━━━━━━━━━━━━━━━━━━━━━━━━━━
▶ PHASE 4 COMPLETE — Exploratory Data Analysis
━━━━━━━━━━━━━━━━━━━━━━━━━━━━━━━━━━━━━━━━━━━━━━━
WHAT THE AGENT DID:
  The EDA strongly suggests a 'two-problem' narrative. H1 will quantify the primary cause of the churn spike (reseller loss). H2 will quantify the secondary cause (price increase impact). H3 provides crucial context on *who* was affected by the price increase. Testing these in order will build the narrative logically for the stakeholders.

KEY DECISIONS MADE:
  • Profiled 6 variable(s) univariate, 4 pair(s) bivariate
  • 2 STRONG bivariate relationship(s) found
  • Catalogued 2 surprise(s); 0 flagged for Phase 6
  • Formed 3 hypothesis(es) (1 EMERGENT from EDA)

OUTPUT SUMMARY:
  6 univariate, 4 bivariate, 3 hypothesis(es), 4 viz spec(s) ready for Phase 7.

QUALITY GATE: ✓ PASSED

ADVANCING TO: Phase 5 — Hypothesis Testing & Validation
━━━━━━━━━━━━━━━━━━━━━━━━━━━━━━━━━━━━━━━━━━━━━━━

▶ Phase 5 — Hypothesis Testing & Validation | invoking agent (max retries: 3)

━━━━━━━━━━━━━━━━━━━━━━━━━━━━━━━━━━━━━━━━━━━━━━━
▶ PHASE 5 COMPLETE — Hypothesis Testing & Validation
━━━━━━━━━━━━━━━━━━━━━━━━━━━━━━━━━━━━━━━━━━━━━━━
WHAT THE AGENT DID:
  The data strongly supports a two-part explanation for the Q2 Enterprise churn anomaly: a primary, massive churn event caused by a reseller partner's contract termination (H1), and a secondary, but still highly significant, churn event among direct customers driven by the April 1st price increase (H2).

KEY DECISIONS MADE:
  • Ran 3 test(s): 3 SUPPORTED, 0 REJECTED, 0 INCONCLUSIVE
  • 3 finding(s) rated HIGH practical significance

OUTPUT SUMMARY:
  3 test(s) executed, 3 finding(s) summarised, 3 caveat(s) for Phase 8, 2 priority insight(s) for Phase 6.

QUALITY GATE: ✓ PASSED

ADVANCING TO: Phase 6 — Advanced Analysis & Root Cause
━━━━━━━━━━━━━━━━━━━━━━━━━━━━━━━━━━━━━━━━━━━━━━━

▶ Phase 6 — Advanced Analysis & Root Cause | invoking agent (max retries: 3)

━━━━━━━━━━━━━━━━━━━━━━━━━━━━━━━━━━━━━━━━━━━━━━━
▶ PHASE 6 COMPLETE — Advanced Analysis & Root Cause
━━━━━━━━━━━━━━━━━━━━━━━━━━━━━━━━━━━━━━━━━━━━━━━
WHAT THE AGENT DID:
  Insight 1: The Q2 Enterprise churn spike was primarily caused by a one-off reseller contract termination (75% of churned customers), which masked a secondary, more strategic issue of price sensitivity among newer customers.

KEY DECISIONS MADE:
  • Ran 3 analysis(es): COHORT ANALYSIS, PARETO ANALYSIS, TREND DECOMPOSITION
  • Traced 2 root cause chain(s): 1 CONFIRMED, 1 HYPOTHESISED
  • 2 segment deep-dive(s); 0 Simpson's paradox finding(s)
  • Ranked 3 insight(s); 2 HIGH-impact

OUTPUT SUMMARY:
  3 analysis(es), 2 root cause chain(s), 3 insight(s) ranked, 2 unanswered.

⚠ HYPOTHESISED root cause(s) for: H2 & H3: Price increase drove churn among newer direct customers. — Phase 8 must label these as such

QUALITY GATE: ✓ PASSED

ADVANCING TO: Phase 7 — Visualisation & Dashboard Design
━━━━━━━━━━━━━━━━━━━━━━━━━━━━━━━━━━━━━━━━━━━━━━━

▶ Phase 7 — Visualisation & Dashboard Design | invoking agent (max retries: 3)

━━━━━━━━━━━━━━━━━━━━━━━━━━━━━━━━━━━━━━━━━━━━━━━
▶ PHASE 7 COMPLETE — Visualisation & Dashboard Design
━━━━━━━━━━━━━━━━━━━━━━━━━━━━━━━━━━━━━━━━━━━━━━━
WHAT THE AGENT DID:
  The visual story starts with a big, alarming number to hook the audience. It then immediately explains away the largest, non-actionable part of the problem (the reseller), calming fears of systemic failure. Finally, it pivots to the smaller but more important strategic issue (price sensitivity of new customers), providing a clear, actionable insight for leadership to focus on.

KEY DECISIONS MADE:
  • Specced 2 chart(s)
  • Dashboard type: EXECUTIVE (4 sections)
  • Caught and corrected 2 anti-pattern(s)
  • Accessibility: colourblind=✓ WCAG=✓ alt-text=✓

OUTPUT SUMMARY:
  2 chart spec(s), 2 insight→chart mapping(s), 2 anti-pattern correction(s), 2 insight headline(s) handed to Phase 8.

QUALITY GATE: ✓ PASSED

ADVANCING TO: Phase 8 — Storytelling, Reporting & Handoff
━━━━━━━━━━━━━━━━━━━━━━━━━━━━━━━━━━━━━━━━━━━━━━━

▶ Phase 8 — Storytelling, Reporting & Handoff | invoking agent (max retries: 3)

━━━━━━━━━━━━━━━━━━━━━━━━━━━━━━━━━━━━━━━━━━━━━━━
▶ PHASE 8 COMPLETE — Storytelling, Reporting & Handoff
━━━━━━━━━━━━━━━━━━━━━━━━━━━━━━━━━━━━━━━━━━━━━━━
WHAT THE AGENT DID:
  Final stakeholder report delivered. Lead insight: The Q2 Enterprise churn spike was primarily caused by a one-off reseller contract termination (75% of churned customers), which masked a secondary, more strategic issue of price sensitivity among newer customers.

KEY DECISIONS MADE:
  • Addressed 3 sub-question(s) in Key Findings; 2 left open for follow-up
  • Produced 2 SMART recommendation(s)
  • Confidence mix: 3 high / 0 medium / 0 low
  • 9-point self-check: 9 passed / 0 failed

OUTPUT SUMMARY:
  Final Markdown report (1551 words) + JSON summary. 2 recommendation(s), 3 top insight(s), 3 sub-question(s) answered.

⚠ sub-question(s) left unanswered — disclosed in the report's Next Steps: SQ4, SQ5

QUALITY GATE: ✓ PASSED

PIPELINE COMPLETE — no further phases.
━━━━━━━━━━━━━━━━━━━━━━━━━━━━━━━━━━━━━━━━━━━━━━━

[run_stress] baseline: COMPLETE (phases [1, 2, 3, 4, 5, 6, 7, 8], 395.2s)
